// Jest Snapshot v1, https://goo.gl/fbAQLP

exports[`<Home /> should render correctly 1`] = `
<div>
  <div
    class="sc-bcXHqe fjKhSJ page-containerstyles__StyledPageContainer-sc-19l7k4-0"
    width="default"
  >
    <div
      class="sc-ftTHYK jctzJl"
    >
      <style>
        .js .animated-content__wrapper--hidden {
  padding-top: 4rem;
  opacity: 0.01;
}
      </style>
      <div
        class="sc-iBYQkv ibAsva animated-content__wrapper--hidden"
      >
        <div
          class="homestyles__AnswerWrapper-sc-d0smz9-0 eCsMMo"
        >
          <span
            class="sc-jSUZER bjWoVS homestyles__Answer-sc-d0smz9-1 hUhXhl"
          >
            YES!
          </span>
        </div>
      </div>
    </div>
    <div
      class="sc-ftTHYK jctzJl"
    >
      <style>
        .js .animated-content__wrapper--hidden {
  padding-top: 4rem;
  opacity: 0.01;
}
      </style>
      <div
        class="sc-iBYQkv ibAsva animated-content__wrapper--hidden"
      >
        <span
          class="sc-kDvujY bffeOZ"
        >
          <span
            class="sc-jSUZER jmoeZg"
          >
            In undefined it's undefined:undefined, so it's likely to be happy hour there.
          </span>
        </span>
      </div>
    </div>
    <div
      class="sc-ftTHYK jctzJl"
    >
      <style>
        .js .animated-content__wrapper--hidden {
  padding-top: 4rem;
  opacity: 0.01;
}
      </style>
      <div
        class="sc-iBYQkv ibAsva animated-content__wrapper--hidden"
      >
        <span
          class="sc-kDvujY bffeOZ"
        >
          <span
            class="sc-jSUZER jmoeZg"
          >
            Travelling all that way would be environmentally unfriendly, so you're really doing us all a favour by staying where you are and having a beer.
          </span>
        </span>
      </div>
    </div>
    <div
      class="sc-ftTHYK jctzJl"
    >
      <style>
        .js .animated-content__wrapper--hidden {
  padding-top: 4rem;
  opacity: 0.01;
}
      </style>
      <div
        class="sc-iBYQkv ibAsva animated-content__wrapper--hidden"
      >
        <span
          class="sc-kDvujY bffeOZ"
        >
          <span
            class="sc-jSUZER jmoeZg"
          >
            Cheers 🍻
          </span>
        </span>
      </div>
    </div>
  </div>
</div>
`;

exports[`<Home /> should render correctly with admin user 1`] = `
<div>
  <div
    class="sc-bcXHqe fjKhSJ page-containerstyles__StyledPageContainer-sc-19l7k4-0"
    width="default"
  >
    <div
      class="sc-ftTHYK jctzJl"
    >
      <style>
        .js .animated-content__wrapper--hidden {
  padding-top: 4rem;
  opacity: 0.01;
}
      </style>
      <div
        class="sc-iBYQkv ibAsva animated-content__wrapper--hidden"
      >
        <div
          class="homestyles__AnswerWrapper-sc-d0smz9-0 eCsMMo"
        >
          <span
            class="sc-jSUZER bjWoVS homestyles__Answer-sc-d0smz9-1 hUhXhl"
          >
            YES!
          </span>
        </div>
      </div>
    </div>
    <div
      class="sc-ftTHYK jctzJl"
    >
      <style>
        .js .animated-content__wrapper--hidden {
  padding-top: 4rem;
  opacity: 0.01;
}
      </style>
      <div
        class="sc-iBYQkv ibAsva animated-content__wrapper--hidden"
      >
        <span
          class="sc-kDvujY bffeOZ"
        >
          <span
            class="sc-jSUZER jmoeZg"
          >
            In undefined it's undefined:undefined, so it's likely to be happy hour there.
          </span>
        </span>
      </div>
    </div>
    <div
      class="sc-ftTHYK jctzJl"
    >
      <style>
        .js .animated-content__wrapper--hidden {
  padding-top: 4rem;
  opacity: 0.01;
}
      </style>
      <div
        class="sc-iBYQkv ibAsva animated-content__wrapper--hidden"
      >
        <span
          class="sc-kDvujY bffeOZ"
        >
          <span
            class="sc-jSUZER jmoeZg"
          >
            Travelling all that way would be environmentally unfriendly, so you're really doing us all a favour by staying where you are and having a beer.
          </span>
        </span>
      </div>
    </div>
    <div
      class="sc-ftTHYK jctzJl"
    >
      <style>
        .js .animated-content__wrapper--hidden {
  padding-top: 4rem;
  opacity: 0.01;
}
      </style>
      <div
        class="sc-iBYQkv ibAsva animated-content__wrapper--hidden"
      >
        <span
          class="sc-kDvujY bffeOZ"
        >
          <span
            class="sc-jSUZER jmoeZg"
          >
            Cheers 🍻
          </span>
        </span>
      </div>
    </div>
  </div>
</div>
`;

exports[`<Home /> should render correctly with no user 1`] = `
<div>
  <div
    class="sc-bcXHqe fjKhSJ page-containerstyles__StyledPageContainer-sc-19l7k4-0"
    width="default"
  >
    <div
      class="sc-ftTHYK jctzJl"
    >
      <style>
        .js .animated-content__wrapper--hidden {
  padding-top: 4rem;
  opacity: 0.01;
}
      </style>
      <div
        class="sc-iBYQkv ibAsva animated-content__wrapper--hidden"
      >
        <div
          class="homestyles__AnswerWrapper-sc-d0smz9-0 eCsMMo"
        >
          <span
            class="sc-jSUZER bjWoVS homestyles__Answer-sc-d0smz9-1 hUhXhl"
          >
            YES!
          </span>
        </div>
      </div>
    </div>
    <div
      class="sc-ftTHYK jctzJl"
    >
      <style>
        .js .animated-content__wrapper--hidden {
  padding-top: 4rem;
  opacity: 0.01;
}
      </style>
      <div
        class="sc-iBYQkv ibAsva animated-content__wrapper--hidden"
      >
        <span
          class="sc-kDvujY bffeOZ"
        >
          <span
            class="sc-jSUZER jmoeZg"
          >
            In undefined it's undefined:undefined, so it's likely to be happy hour there.
          </span>
        </span>
      </div>
    </div>
    <div
      class="sc-ftTHYK jctzJl"
    >
      <style>
        .js .animated-content__wrapper--hidden {
  padding-top: 4rem;
  opacity: 0.01;
}
      </style>
      <div
        class="sc-iBYQkv ibAsva animated-content__wrapper--hidden"
      >
        <span
          class="sc-kDvujY bffeOZ"
        >
          <span
            class="sc-jSUZER jmoeZg"
          >
            Travelling all that way would be environmentally unfriendly, so you're really doing us all a favour by staying where you are and having a beer.
          </span>
        </span>
      </div>
    </div>
    <div
      class="sc-ftTHYK jctzJl"
    >
      <style>
        .js .animated-content__wrapper--hidden {
  padding-top: 4rem;
  opacity: 0.01;
}
      </style>
      <div
        class="sc-iBYQkv ibAsva animated-content__wrapper--hidden"
      >
        <span
          class="sc-kDvujY bffeOZ"
        >
          <span
            class="sc-jSUZER jmoeZg"
          >
            Cheers 🍻
          </span>
        </span>
      </div>
    </div>
  </div>
</div>
`;

exports[`<Home /> should render correctly with user 1`] = `
<div>
  <div
    class="sc-bcXHqe fjKhSJ page-containerstyles__StyledPageContainer-sc-19l7k4-0"
    width="default"
  >
    <div
      class="sc-ftTHYK jctzJl"
    >
      <style>
        .js .animated-content__wrapper--hidden {
  padding-top: 4rem;
  opacity: 0.01;
}
      </style>
      <div
        class="sc-iBYQkv ibAsva animated-content__wrapper--hidden"
      >
        <div
          class="homestyles__AnswerWrapper-sc-d0smz9-0 eCsMMo"
        >
          <span
            class="sc-jSUZER bjWoVS homestyles__Answer-sc-d0smz9-1 hUhXhl"
          >
            YES!
          </span>
        </div>
      </div>
    </div>
    <div
      class="sc-ftTHYK jctzJl"
    >
      <style>
        .js .animated-content__wrapper--hidden {
  padding-top: 4rem;
  opacity: 0.01;
}
      </style>
      <div
        class="sc-iBYQkv ibAsva animated-content__wrapper--hidden"
      >
        <span
          class="sc-kDvujY bffeOZ"
        >
          <span
            class="sc-jSUZER jmoeZg"
          >
            In undefined it's undefined:undefined, so it's likely to be happy hour there.
          </span>
        </span>
      </div>
    </div>
    <div
      class="sc-ftTHYK jctzJl"
    >
      <style>
        .js .animated-content__wrapper--hidden {
  padding-top: 4rem;
  opacity: 0.01;
}
      </style>
      <div
        class="sc-iBYQkv ibAsva animated-content__wrapper--hidden"
      >
        <span
          class="sc-kDvujY bffeOZ"
        >
          <span
            class="sc-jSUZER jmoeZg"
          >
            Travelling all that way would be environmentally unfriendly, so you're really doing us all a favour by staying where you are and having a beer.
          </span>
        </span>
      </div>
    </div>
    <div
      class="sc-ftTHYK jctzJl"
    >
      <style>
        .js .animated-content__wrapper--hidden {
  padding-top: 4rem;
  opacity: 0.01;
}
      </style>
      <div
        class="sc-iBYQkv ibAsva animated-content__wrapper--hidden"
      >
        <span
          class="sc-kDvujY bffeOZ"
        >
          <span
            class="sc-jSUZER jmoeZg"
          >
            Cheers 🍻
          </span>
        </span>
      </div>
    </div>
  </div>
</div>
`;
