// Jest Snapshot v1, https://goo.gl/fbAQLP

exports[`<HomePage /> should render correctly 1`] = `
.c2 {
  display: block;
  width: 100%;
  margin-right: auto;
  margin-left: auto;
  overflow: hidden;
  display: -webkit-box;
  display: -webkit-flex;
  display: -ms-flexbox;
  display: flex;
  -webkit-flex-direction: column;
  -ms-flex-direction: column;
  flex-direction: column;
  -webkit-align-items: center;
  -webkit-box-align: center;
  -ms-flex-align: center;
  align-items: center;
  text-align: center;
  max-width: 60rem;
  padding-right: 1rem;
  padding-left: 1rem;
}

.c5 {
  margin: 0;
}

.c8 {
  margin: 0;
  font-size: 1.5rem;
  font-weight: bold;
}

.c4 {
  margin-top: 2rem;
  margin-bottom: 1rem;
}

.c6 {
  font-size: 8rem;
}

.c3 {
  padding-top: 0;
  opacity: 1;
  -webkit-transition: all 0.4s ease-in-out;
  transition: all 0.4s ease-in-out;
}

.c7 {
  display: inline-block;
  margin-bottom: 0;
  padding-bottom: 0;
  line-height: 1.5;
  margin-top: 2rem;
}

.c7:first-of-type {
  margin-top: 0.86rem;
}

.c14 {
  width: 1.25rem;
  height: 1.25rem;
}

.c12 {
  display: inline-block;
  border-radius: 0.25rem;
  font-weight: bold;
  -webkit-text-decoration: none;
  text-decoration: none;
  position: relative;
  color: white;
  fill: white;
}

.c12:focus-within,
.c12:focus {
  position: relative;
  outline: none !important;
}

.c12:focus-within::after,
.c12:focus::after {
  position: absolute;
  top: -0.35rem;
  right: -0.35rem;
  bottom: -0.35rem;
  left: -0.35rem;
  content: '';
  display: block;
  border: solid #007dfa3C 0.2rem;
  border-radius: 0.5rem;
  pointer-events: none;
}

.c12:hover {
  color: white;
  fill: white;
}

.c13 {
  display: -webkit-inline-box;
  display: -webkit-inline-flex;
  display: -ms-inline-flexbox;
  display: inline-flex;
  width: 0.4rem;
  height: 1rem;
  margin-left: 0.55rem;
}

.c15 {
  position: absolute;
  width: 1rem;
  height: 1rem;
  margin-top: 0.12rem;
  margin-left: -0.45rem;
}

.c11 {
  width: 100%;
  margin-top: 0.5rem;
}

.c9 {
  display: -webkit-box;
  display: -webkit-flex;
  display: -ms-flexbox;
  display: flex;
  padding: 2rem 1rem;
  -webkit-flex-direction: column;
  -ms-flex-direction: column;
  flex-direction: column;
  -webkit-box-pack: space-around;
  -webkit-justify-content: space-around;
  -ms-flex-pack: space-around;
  justify-content: space-around;
  border-top: solid #1e1e1e 0.15rem;
  background-color: #1e1e1e;
  background-position: center;
  background-size: cover;
  color: #ffffff;
}

.c10 {
  text-align: center;
}

.c0 {
  width: 100%;
}

.c1 {
  -webkit-flex: 1 1 auto;
  -ms-flex: 1 1 auto;
  flex: 1 1 auto;
}

@media (min-width:50.25rem) {
  .c2 {
    padding-right: 2rem;
    padding-left: 2rem;
  }
}

@media (min-width:32.25rem) {
  .c6 {
    font-size: 10rem;
  }
}

@media (min-width:50.25rem) {
  .c6 {
    font-size: 18rem;
  }
}

@media (prefers-color-scheme:dark) {
  .c12:focus-within::after,
  .c12:focus::after {
    border-color: #007dfa3C;
  }
}

@media (prefers-color-scheme:dark) {
  .c12 {
    color: white;
    fill: white;
  }

  .c12:hover {
    color: white;
    fill: white;
  }
}

@media (min-width:32.25rem) {
  .c9 {
    padding: 2rem 2rem;
  }
}

@media (prefers-color-scheme:dark) {
  .c9 {
    border-top: solid #44aeff 0.15rem;
  }
}

<div>
  <main
    class="c0 c1"
    id="main"
  >
    <div
      class="c2 page-containerstyles__StyledPageContainer-sc-19l7k4-0"
      width="default"
    >
      <div>
        <style>
          .js .animated-content__wrapper--hidden {
  padding-top: 4rem;
  opacity: 0.01;
}
        </style>
        <div
          class="c3 animated-content__wrapper--hidden"
        >
          <div
            class="c4"
          >
            <span
              class="c5 c6"
            >
              YES!
            </span>
          </div>
        </div>
      </div>
      <div>
        <style>
          .js .animated-content__wrapper--hidden {
  padding-top: 4rem;
  opacity: 0.01;
}
        </style>
        <div
          class="c3 animated-content__wrapper--hidden"
        >
          <span
            class="c7"
            style="margin-bottom: 1rem;"
          >
            <span
              class="c8"
            >
              Cheers 🍻
            </span>
          </span>
        </div>
      </div>
    </div>
  </main>
  <div>
    <style>
      .js .animated-content__wrapper--hidden {
  opacity: 0.01;
}
    </style>
    <div
      class="c3 animated-content__wrapper--hidden"
    >
      <footer
        class="c9"
        id="footer"
      >
        <div
          class="c10"
        >
          <span
            class="c7 c11"
          >
            Made with love by
             
            <a
              aria-label="George (opens in a new tab)"
              class="c12"
              href="https://www.georgegillams.co.uk/"
              rel="noopener noreferrer"
              target="_blank"
            >
              <span
                class="c5"
              >
                George
              </span>
              <div
                class="c13"
              >
                <svg
                  class="c14 c15"
                  height="18"
                  viewBox="0 0 24 24"
                  width="18"
                  xmlns="http://www.w3.org/2000/svg"
                >
                  <path
                    d="M12.5 11.3c.4.4 1 .4 1.4 0L19 6.2V9c0 .6.4 1 1 1s1-.4 1-1V4c0-.6-.4-1-1-1h-5c-.6 0-1 .4-1 1s.4 1 1 1h2.4l-4.9 4.9c-.4.4-.4 1 0 1.4zM19 19c0 1.1-.9 2-2 2H5c-1.1 0-2-.9-2-2V7c0-1.1.9-2 2-2h7v2H5v12h12v-7h2"
                  />
                </svg>
              </div>
            </a>
          </span>
          <span
            class="c7 c11"
          >
            Please do not share with anyone under the legal purchase age for alcohol. Drink Responsibly.
          </span>
        </div>
      </footer>
    </div>
  </div>
</div>
`;
